[2026-09-07 13:52:51] WRITTEN Bug1 <- apetag_c#003 [CRASH]
[2026-09-07 14:00:54] WRITTEN Bug1 <- apetag_c#003 [CRASH]
[2026-09-07 14:00:54] WRITTEN Bug2 <- apetag_c#002 [CRASH]
[2026-09-07 14:38:42] DEDUP-SKIP apetag_c#001 (key=ReadMP3APETag::CWE-125)
[2026-09-07 14:38:42] DEDUP-SKIP apetag_c#002 (key=ReadMP3APETag::CWE-125)
[2026-09-07 14:55:17] DEDUP-SKIP apetag_c#001 (key=ReadMP3APETag::CWE-125)
[2026-09-07 14:55:17] DEDUP-SKIP apetag_c#002 (key=ReadMP3APETag::CWE-125)
[2026-09-07 14:55:36] DEDUP-SKIP apetag_c#001 (key=ReadMP3APETag::CWE-125)
[2026-09-07 14:55:36] DEDUP-SKIP apetag_c#002 (key=ReadMP3APETag::CWE-125)
[2026-09-07 15:05:11] DEDUP-SKIP apetag_c#001 (key=ReadMP3APETag::CWE-125)
[2026-09-07 15:05:11] DEDUP-SKIP apetag_c#002 (key=ReadMP3APETag::CWE-125)
[2026-09-07 15:05:11] DEDUP-SKIP mp3gain_c#001 (key=ReadMP3APETag::CWE-125)
[2026-09-07 15:05:11] DEDUP-SKIP mp3gain_c#002 (key=ReadMP3APETag::CWE-125)
[2026-09-07 15:05:11] DEDUP-SKIP rg_error_c#001 (key=ReadMP3APETag::CWE-125)
[2026-09-07 15:05:49] WRITTEN Bug2 <- apetag_c#004 [CRASH]
[2026-09-07 15:05:55] WRITTEN Bug3 <- id3tag_c#001 [CRASH]
[2026-09-07 15:05:57] WRITTEN Bug4 <- mpglibDBL_layer3_c#001 [CRASH]
[2026-09-08 02:12:58] DEDUP-SKIP apetag_c#001 (key=ReadMP3APETag::CWE-125)
[2026-09-08 02:12:59] DEDUP-SKIP apetag_c#002 (key=ReadMP3APETag::CWE-125)
[2026-09-08 02:12:59] DEDUP-SKIP mp3gain_c#001 (key=ReadMP3APETag::CWE-125)
[2026-09-08 02:12:59] DEDUP-SKIP mp3gain_c#002 (key=ReadMP3APETag::CWE-125)
[2026-09-08 02:12:59] DEDUP-SKIP rg_error_c#001 (key=ReadMP3APETag::CWE-125)
