ffmpeg version N-126435-gf93cd72dde Copyright (c) 2000-2026 the FFmpeg developers
  built with gcc 13 (Ubuntu 13.3.0-6ubuntu2~24.04)
  configuration: --cc=gcc --cxx=g++ --extra-cflags='-fsanitize=address,undefined -g0 -fno-omit-frame-pointer' --extra-cxxflags='-fsanitize=address,undefined -g0 -fno-omit-frame-pointer' --extra-ldflags='-fsanitize=address,undefined' --disable-optimizations --disable-stripping --enable-debug=0 --disable-x86asm --disable-doc
  libavutil      61.  7.100 / 61.  7.100
  libavcodec     63. 11.100 / 63. 11.100
  libavformat    63.  6.100 / 63.  6.100
  libavdevice    63.  2.100 / 63.  2.100
  libavfilter    12.  4.100 / 12.  4.100
  libswscale     10.  2.100 / 10.  2.100
  libswresample   7.  3.100 /  7.  3.100
[in#0 @ 0x517000000080] no index at the end
[in#0 @ 0x517000000080] read_timestamp failed.
Input #0, nut, from '/data/ylwang/non-textfuzz/target/_poc/FFmpeg/libavcodec_decode_c/vuln_001_input.nut':
  Duration: 00:00:00.00, start: 0.000000, bitrate: N/A
  Stream #0:0: Audio: aac (LC) ([255][0][0][0] / 0x00FF), 44100 Hz, mono, fltp
Stream mapping:
  Stream #0:0 -> #0:0 (aac (native) -> pcm_s16le (native))
Press [q] to stop, [?] for help
Output #0, null, to 'pipe:':
  Metadata:
    encoder         : Lavf63.6.100
  Stream #0:0: Audio: pcm_s16le, 44100 Hz, mono, s16, 705 kb/s
    Metadata:
      encoder         : Lavc63.11.100 pcm_s16le
[out#0/null @ 0x511000000cc0] video:0KiB audio:2KiB subtitle:0KiB other streams:0KiB global headers:0KiB muxing overhead: unknown
size=N/A time=00:00:00.02 bitrate=N/A speed=2.04x elapsed=0:00:00.01    
