[2026-09-08 14:45:02] WRITTEN Bug1 <- libavcodec_4xm_c#001 [BEHAVIOR]
[2026-09-08 14:45:05] DRAFT SKIP libavcodec_aacsbr_fixed_c#002 (no-impact)
[2026-09-08 14:45:34] DRAFT SKIP libavcodec_aacsbr_fixed_c#001 (no-impact)
[2026-09-08 14:45:43] DRAFT SKIP libavcodec_argo_c#001 (no-impact)
[2026-09-08 14:45:51] WRITTEN Bug2 <- libavcodec_amrwbdec_c#001 [BEHAVIOR]
[2026-09-08 14:46:27] WRITTEN Bug3 <- fftools_ffmpeg_dec_c#001 [BEHAVIOR]
[2026-09-08 14:46:46] WRITTEN Bug4 <- libavcodec_argo_c#002 [BEHAVIOR]
[2026-09-08 14:46:48] WRITTEN Bug5 <- libavcodec_avrndec_c#001 [BEHAVIOR]
[2026-09-08 14:46:55] WRITTEN Bug6 <- libavcodec_avs3_parser_c#001 [BEHAVIOR]
[2026-09-08 14:47:34] WRITTEN Bug7 <- libavcodec_bitpacked_dec_c#001 [BEHAVIOR]
[2026-09-08 14:47:40] WRITTEN Bug8 <- libavcodec_bsf_mjpega_dump_header_c#001 [BEHAVIOR]
[2026-09-08 14:48:12] WRITTEN Bug9 <- libavcodec_bsf_aac_adtstoasc_c#001 [BEHAVIOR]
[2026-09-08 14:48:44] WRITTEN Bug10 <- libavcodec_cbs_h265_c#001 [CRASH]
[2026-09-08 14:51:30] WRITTEN Bug11 <- libavcodec_dcadec_c#002 [CRASH]
[2026-09-08 14:52:33] WRITTEN Bug12 <- libavcodec_dnxhddec_c#001 [BEHAVIOR]
[2026-09-08 14:52:51] WRITTEN Bug13 <- libavcodec_cook_c#001 [BEHAVIOR]
[2026-09-08 14:52:52] WRITTEN Bug14 <- libavcodec_ccaption_dec_c#001 [BEHAVIOR]
[2026-09-08 14:53:01] DRAFT SKIP libavcodec_dpx_c#001 (no-impact)
[2026-09-08 14:53:31] WRITTEN Bug15 <- libavcodec_cbs_h265_syntax_template_c#001 [CRASH]
[2026-09-08 14:53:47] WRITTEN Bug16 <- libavcodec_dsicinvideo_c#002 [BEHAVIOR]
[2026-09-08 14:53:59] WRITTEN Bug17 <- libavcodec_dsicinvideo_c#001 [BEHAVIOR]
[2026-09-08 14:54:08] WRITTEN Bug18 <- libavcodec_dvbsubdec_c#001 [BEHAVIOR]
[2026-09-08 14:54:53] WRITTEN Bug19 <- libavcodec_elsdec_c#001 [BEHAVIOR]
[2026-09-08 14:55:12] WRITTEN Bug20 <- libavcodec_g723_1_parser_c#001 [BEHAVIOR]
[2026-09-08 14:55:15] WRITTEN Bug21 <- libavcodec_dvbsubenc_c#001 [BEHAVIOR]
[2026-09-08 14:55:31] WRITTEN Bug22 <- libavcodec_fastaudio_c#001 [BEHAVIOR]
[2026-09-08 14:57:00] DRAFT SKIP libavcodec_mpeg12dec_c#001 (no-impact)
[2026-09-08 14:57:12] WRITTEN Bug1 <- libavcodec_mlp_parse_c#001 [BEHAVIOR]
[2026-09-08 14:58:36] WRITTEN Bug1 <- libavcodec_g723_1_parser_c#001 [BEHAVIOR]
[2026-09-08 14:58:46] WRITTEN Bug2 <- libavcodec_j2kenc_c#001 [BEHAVIOR]
[2026-09-08 15:01:14] WRITTEN Bug3 <- libavcodec_dcadec_c#002 [CRASH]
[2026-09-08 15:01:15] WRITTEN Bug4 <- libavcodec_cbs_h265_c#001 [CRASH]
[2026-09-08 15:01:31] WRITTEN Bug5 <- libavcodec_cbs_h265_syntax_template_c#001 [CRASH]
[2026-09-08 15:01:41] WRITTEN Bug6 <- fftools_ffmpeg_dec_c#001 [BEHAVIOR]
