[2026-09-07 01:03:07] VULN Source/C++/Core/Ap4File.cpp: 3 findings
[2026-09-07 01:03:07] DONE: 1 new, 0 skipped, 3 vulns
[2026-09-07 01:16:03] POC Source/C++/Core/Ap4File.cpp: 2/3 verified
[2026-09-07 01:40:45] VULN Source/C++/Apps/Mp42Aac/Mp42Aac.cpp: 3 findings
[2026-09-07 01:59:23] POC Source/C++/Apps/Mp42Aac/Mp42Aac.cpp: 3/3 verified
[2026-09-07 02:04:29] VULN Source/C++/Core/Ap4Array.h: 1 findings
[2026-09-07 02:09:48] VULN Source/C++/Core/Ap4Atom.cpp: 1 findings
[2026-09-07 02:13:55] POC Source/C++/Core/Ap4Array.h: 1/1 verified
[2026-09-07 02:17:34] POC Source/C++/Core/Ap4Atom.cpp: 1/1 verified
[2026-09-07 02:29:51] VULN Source/C++/Core/Ap4AtomFactory.cpp: 5 findings
[2026-09-07 02:40:52] VULN Source/C++/Core/Ap4AtomFactory.h: 6 findings
[2026-09-07 02:43:01] POC Source/C++/Core/Ap4AtomFactory.cpp: 5/5 verified
[2026-09-07 02:58:38] VULN Source/C++/Core/Ap4Atom.h: 2 findings
[2026-09-07 03:04:17] POC Source/C++/Core/Ap4AtomFactory.h: 5/6 verified
[2026-09-07 03:07:26] POC Source/C++/Core/Ap4Atom.h: 2/2 verified
[2026-09-07 03:19:21] VULN Source/C++/Core/Ap4AtomSampleTable.cpp: 2 findings
[2026-09-07 03:26:51] POC Source/C++/Core/Ap4AtomSampleTable.cpp: 2/2 verified
[2026-09-07 03:28:59] VULN Source/C++/Core/Ap4AtomSampleTable.h: 2 findings
[2026-09-07 03:34:04] VULN Source/C++/Core/Ap4AvccAtom.cpp: 2 findings
[2026-09-07 03:35:18] POC Source/C++/Core/Ap4AtomSampleTable.h: 2/2 verified
[2026-09-07 03:39:00] VULN Source/C++/Core/Ap4AvccAtom.h: 2 findings
[2026-09-07 03:44:53] POC Source/C++/Core/Ap4AvccAtom.cpp: 1/2 verified
[2026-09-07 03:51:35] POC Source/C++/Core/Ap4AvccAtom.h: 2/2 verified
[2026-09-07 03:53:29] VULN Source/C++/Core/Ap4ByteStream.cpp: 1 findings
[2026-09-07 03:56:59] POC Source/C++/Core/Ap4ByteStream.cpp: 0/1 verified
[2026-09-07 04:11:13] VULN Source/C++/Core/Ap4Co64Atom.cpp: 1 findings
[2026-09-07 04:15:56] VULN Source/C++/Core/Ap4Co64Atom.h: 1 findings
[2026-09-07 04:31:14] POC Source/C++/Core/Ap4Co64Atom.cpp: 1/1 verified
[2026-09-07 04:44:21] POC Source/C++/Core/Ap4Co64Atom.h: 1/1 verified
[2026-09-07 04:52:41] VULN Source/C++/Core/Ap4CommandFactory.h: 2 findings
[2026-09-07 05:01:44] POC Source/C++/Core/Ap4CommandFactory.h: 0/2 verified
[2026-09-07 05:10:41] VULN Source/C++/Core/Ap4Command.h: 5 findings
[2026-09-07 05:17:43] VULN Source/C++/Core/Ap4CommonEncryption.cpp: 2 findings
[2026-09-07 05:39:00] POC Source/C++/Core/Ap4Command.h: 1/5 verified
[2026-09-07 05:55:58] VULN Source/C++/Core/Ap4CommonEncryption.h: 2 findings
[2026-09-07 06:03:47] POC Source/C++/Core/Ap4CommonEncryption.cpp: 0/2 verified
[2026-09-07 06:13:44] VULN Source/C++/Core/Ap4Config.h: 3 findings
[2026-09-07 06:15:06] POC Source/C++/Core/Ap4CommonEncryption.h: 2/2 verified
[2026-09-07 06:25:47] POC Source/C++/Core/Ap4Config.h: 3/3 verified
[2026-09-07 06:31:20] VULN Source/C++/Core/Ap4Constants.h: 3 findings
[2026-09-07 06:37:14] VULN Source/C++/Core/Ap4ContainerAtom.cpp: 1 findings
[2026-09-07 06:40:13] POC Source/C++/Core/Ap4Constants.h: 3/3 verified
[2026-09-07 06:51:33] VULN Source/C++/Core/Ap4ContainerAtom.h: 3 findings
[2026-09-07 07:04:35] POC Source/C++/Core/Ap4ContainerAtom.cpp: 0/1 verified
[2026-09-07 07:19:18] VULN Source/C++/Core/Ap4.cpp: 6 findings
[2026-09-07 07:33:28] POC Source/C++/Core/Ap4ContainerAtom.h: 3/3 verified
[2026-09-07 07:38:29] VULN Source/C++/Core/Ap4CttsAtom.cpp: 1 findings
[2026-09-07 07:39:26] POC Source/C++/Core/Ap4.cpp: 6/6 verified
[2026-09-07 07:43:05] POC Source/C++/Core/Ap4CttsAtom.cpp: 1/1 verified
[2026-09-07 07:43:51] VULN Source/C++/Core/Ap4CttsAtom.h: 1 findings
[2026-09-07 07:46:35] POC Source/C++/Core/Ap4CttsAtom.h: 1/1 verified
[2026-09-07 07:47:28] VULN Source/C++/Core/Ap4Dac4Atom.cpp: 2 findings
[2026-09-07 07:51:57] VULN Source/C++/Core/Ap4Dac4Atom.h: 1 findings
[2026-09-07 07:53:55] POC Source/C++/Core/Ap4Dac4Atom.cpp: 2/2 verified
[2026-09-07 08:00:54] POC Source/C++/Core/Ap4Dac4Atom.h: 0/1 verified
[2026-09-07 08:14:29] VULN Source/C++/Core/Ap4Dec3Atom.cpp: 1 findings
[2026-09-07 08:17:52] VULN Source/C++/Core/Ap4Dec3Atom.h: 1 findings
[2026-09-07 08:20:53] POC Source/C++/Core/Ap4Dec3Atom.cpp: 1/1 verified
[2026-09-07 08:25:06] VULN Source/C++/Core/Ap4DecoderConfigDescriptor.cpp: 1 findings
[2026-09-07 08:25:48] POC Source/C++/Core/Ap4Dec3Atom.h: 1/1 verified
[2026-09-07 08:30:09] VULN Source/C++/Core/Ap4DecoderConfigDescriptor.h: 1 findings
[2026-09-07 08:41:09] POC Source/C++/Core/Ap4DecoderConfigDescriptor.cpp: 1/1 verified
[2026-09-07 09:04:35] POC Source/C++/Core/Ap4DecoderConfigDescriptor.h: 0/1 verified
[2026-09-07 09:21:22] VULN Source/C++/Core/Ap4DescriptorFactory.h: 3 findings
[2026-09-07 09:30:22] VULN Source/C++/Core/Ap4Descriptor.h: 2 findings
[2026-09-07 09:39:42] POC Source/C++/Core/Ap4DescriptorFactory.h: 0/3 verified
[2026-09-07 09:44:11] VULN Source/C++/Core/Ap4DrefAtom.cpp: 1 findings
[2026-09-07 10:03:59] POC Source/C++/Core/Ap4Descriptor.h: 0/2 verified
[2026-09-07 10:17:00] VULN Source/C++/Core/Ap4ElstAtom.cpp: 1 findings
[2026-09-07 10:32:21] POC Source/C++/Core/Ap4DrefAtom.cpp: 0/1 verified
[2026-09-07 10:40:14] VULN Source/C++/Core/Ap4ElstAtom.h: 1 findings
[2026-09-07 10:41:10] POC Source/C++/Core/Ap4ElstAtom.cpp: 1/1 verified
[2026-09-07 10:46:28] POC Source/C++/Core/Ap4ElstAtom.h: 1/1 verified
[2026-09-07 10:51:31] VULN Source/C++/Core/Ap4EsDescriptor.cpp: 1 findings
[2026-09-07 10:57:17] VULN Source/C++/Core/Ap4EsDescriptor.h: 1 findings
[2026-09-07 11:10:24] POC Source/C++/Core/Ap4EsDescriptor.cpp: 0/1 verified
[2026-09-07 11:17:22] VULN Source/C++/Core/Ap4EsdsAtom.cpp: 2 findings
[2026-09-07 11:25:45] POC Source/C++/Core/Ap4EsDescriptor.h: 0/1 verified
[2026-09-07 11:35:49] VULN Source/C++/Core/Ap4EsdsAtom.h: 2 findings
[2026-09-07 11:50:08] POC Source/C++/Core/Ap4EsdsAtom.cpp: 0/2 verified
[2026-09-07 12:15:04] POC Source/C++/Core/Ap4EsdsAtom.h: 1/2 verified
[2026-09-07 12:16:22] VULN Source/C++/Core/Ap4Expandable.h: 3 findings
[2026-09-07 12:27:31] VULN Source/C++/Core/Ap4FileCopier.h: 1 findings
[2026-09-07 13:14:49] POC Source/C++/Core/Ap4Expandable.h: 1/3 verified
[2026-09-07 13:17:12] POC Source/C++/Core/Ap4FileCopier.h: 1/1 verified
