[2026-09-07 00:58:11] VULN src/libjasper/jp2/jp2_dec.c: 2 findings
[2026-09-07 00:58:11] DONE: 1 new, 0 skipped, 2 vulns
[2026-09-07 01:10:17] POC src/libjasper/jp2/jp2_dec.c: 0/2 verified
[2026-09-07 13:21:58] DONE: 0 new, 0 skipped, 0 vulns
[2026-09-07 13:35:54] VULN src/appl/dummy.c: 2 findings
[2026-09-07 13:41:03] VULN src/appl/jiv.c: 1 findings
[2026-09-07 13:42:24] POC src/appl/jiv.c: 0/1 verified
[2026-09-07 13:44:42] VULN src/appl/imginfo.c: 1 findings
[2026-09-07 13:47:37] VULN src/appl/jasper.c: 2 findings
[2026-09-07 13:54:41] VULN src/libjasper/base/jas_icc.c: 2 findings
[2026-09-07 13:56:57] POC src/appl/dummy.c: 1/2 verified
[2026-09-07 14:04:47] VULN src/libjasper/base/jas_stream.c: 2 findings
[2026-09-07 14:06:23] POC src/appl/jasper.c: 1/2 verified
[2026-09-07 14:08:37] POC src/appl/imginfo.c: 1/1 verified
[2026-09-07 14:10:44] VULN src/libjasper/bmp/bmp_enc.c: 1 findings
[2026-09-07 14:11:40] POC src/libjasper/base/jas_icc.c: 2/2 verified
[2026-09-07 14:11:44] POC src/libjasper/bmp/bmp_enc.c: 0/1 verified
[2026-09-07 14:37:07] VULN src/libjasper/jpc/jpc_dec.c: 2 findings
[2026-09-07 14:54:55] VULN src/libjasper/jpc/jpc_t2cod.c: 1 findings
[2026-09-07 14:59:14] POC src/libjasper/jpc/jpc_dec.c: 2/2 verified
[2026-09-07 15:13:12] POC src/libjasper/jpc/jpc_t2cod.c: 1/1 verified
[2026-09-07 15:15:54] DONE: 59 new, 1 skipped, 14 vulns
[2026-09-07 15:17:04] POC src/libjasper/base/jas_stream.c: 0/2 verified
