This file contains any messages produced by compilers while
running configure, to aid debugging if configure makes a mistake.

It was created by gdk-pixbuf configure 2.31.1, which was
generated by GNU Autoconf 2.69.  Invocation command line was

  $ ./configure --prefix=/data/ylwang/non-textfuzz/target/gdk-pixbuf/build_test CC=gcc CFLAGS=-fsanitize=address,undefined -g0 -fno-omit-frame-pointer LDFLAGS=-fsanitize=address,undefined --without-libtiff --without-libjasper --disable-modules

## --------- ##
## Platform. ##
## --------- ##

hostname = XXF-GPU-03
uname -m = x86_64
uname -r = 5.15.0-170-generic
uname -s = Linux
uname -v = #180-Ubuntu SMP Fri Jan 9 16:10:31 UTC 2026

/usr/bin/uname -p = x86_64
/bin/uname -X     = unknown

/bin/arch              = x86_64
/usr/bin/arch -k       = unknown
/usr/convex/getsysinfo = unknown
/usr/bin/hostinfo      = unknown
/bin/machine           = unknown
/usr/bin/oslevel       = unknown
/bin/universe          = unknown

PATH: /home/yuelinwang/.local/bin
PATH: /home/yuelinwang/bin
PATH: /home/yuelinwang/.cargo/bin
PATH: /home/yuelinwang/.nvm/versions/node/v20.19.6/bin
PATH: /home/yuelinwang/go/bin
PATH: /usr/local/sbin
PATH: /usr/local/bin
PATH: /usr/sbin
PATH: /usr/bin
PATH: /sbin
PATH: /bin
PATH: /usr/games
PATH: /usr/local/games
PATH: /snap/bin
PATH: /usr/local/cuda/bin
PATH: /data/ylwang/Projects/codeql
PATH: /data/ylwang/Projects/depot_tools/
PATH: /data/ylwang/Projects/ninja
PATH: /home/yuelinwang/environment/go/bin
PATH: /home/yuelinwang/.foundry/bin


## ----------- ##
## Core tests. ##
## ----------- ##

configure:2551: checking for a BSD-compatible install
configure:2619: result: /usr/bin/install -c
configure:2630: checking whether build environment is sane
configure:2685: result: yes
configure:2836: checking for a thread-safe mkdir -p
configure:2875: result: /usr/bin/mkdir -p
configure:2882: checking for gawk
configure:2898: found /usr/bin/gawk
configure:2909: result: gawk
configure:2920: checking whether make sets $(MAKE)
configure:2942: result: yes
configure:2971: checking whether make supports nested variables
configure:2988: result: yes
configure:3068: checking whether UID '1009' is supported by ustar format
configure:3071: result: yes
configure:3078: checking whether GID '1010' is supported by ustar format
configure:3081: result: yes
configure:3089: checking how to create a ustar tar archive
configure:3100: tar --version
tar (GNU tar) 1.34
Copyright (C) 2021 Free Software Foundation, Inc.
License GPLv3+: GNU GPL version 3 or later <https://gnu.org/licenses/gpl.html>.
This is free software: you are free to change and redistribute it.
There is NO WARRANTY, to the extent permitted by law.

Written by John Gilmore and Jay Fenlason.
configure:3103: $? = 0
configure:3143: tardir=conftest.dir && eval tar --format=ustar -chf - "$tardir" >conftest.tar
configure:3146: $? = 0
configure:3150: tar -xf - <conftest.tar
configure:3153: $? = 0
configure:3155: cat conftest.dir/file
GrepMe
configure:3158: $? = 0
configure:3171: result: gnutar
configure:3221: checking whether to enable maintainer-specific portions of Makefiles
configure:3230: result: yes
configure:3258: checking whether make supports nested variables
configure:3275: result: yes
configure:3374: checking for gcc
configure:3401: result: gcc
configure:3630: checking for C compiler version
configure:3639: gcc --version >&5
gcc (Ubuntu 11.4.0-1ubuntu1~22.04.2) 11.4.0
Copyright (C) 2021 Free Software Foundation, Inc.
This is free software; see the source for copying conditions.  There is NO
warranty; not even for MERCHANTABILITY or FITNESS FOR A PARTICULAR PURPOSE.

configure:3650: $? = 0
configure:3639: gcc -v >&5
Using built-in specs.
COLLECT_GCC=gcc
COLLECT_LTO_WRAPPER=/usr/lib/gcc/x86_64-linux-gnu/11/lto-wrapper
OFFLOAD_TARGET_NAMES=nvptx-none:amdgcn-amdhsa
OFFLOAD_TARGET_DEFAULT=1
Target: x86_64-linux-gnu
Configured with: ../src/configure -v --with-pkgversion='Ubuntu 11.4.0-1ubuntu1~22.04.2' --with-bugurl=file:///usr/share/doc/gcc-11/README.Bugs --enable-languages=c,ada,c++,go,brig,d,fortran,objc,obj-c++,m2 --prefix=/usr --with-gcc-major-version-only --program-suffix=-11 --program-prefix=x86_64-linux-gnu- --enable-shared --enable-linker-build-id --libexecdir=/usr/lib --without-included-gettext --enable-threads=posix --libdir=/usr/lib --enable-nls --enable-bootstrap --enable-clocale=gnu --enable-libstdcxx-debug --enable-libstdcxx-time=yes --with-default-libstdcxx-abi=new --enable-gnu-unique-object --disable-vtable-verify --enable-plugin --enable-default-pie --with-system-zlib --enable-libphobos-checking=release --with-target-system-zlib=auto --enable-objc-gc=auto --enable-multiarch --disable-werror --enable-cet --with-arch-32=i686 --with-abi=m64 --with-multilib-list=m32,m64,mx32 --enable-multilib --with-tune=generic --enable-offload-targets=nvptx-none=/build/gcc-11-2Y5pKs/gcc-11-11.4.0/debian/tmp-nvptx/usr,amdgcn-amdhsa=/build/gcc-11-2Y5pKs/gcc-11-11.4.0/debian/tmp-gcn/usr --without-cuda-driver --enable-checking=release --build=x86_64-linux-gnu --host=x86_64-linux-gnu --target=x86_64-linux-gnu --with-build-config=bootstrap-lto-lean --enable-link-serialization=2
Thread model: posix
Supported LTO compression algorithms: zlib zstd
gcc version 11.4.0 (Ubuntu 11.4.0-1ubuntu1~22.04.2) 
... rest of stderr output deleted ...
configure:3650: $? = 0
configure:3639: gcc -V >&5
gcc: error: unrecognized command-line option '-V'
gcc: fatal error: no input files
compilation terminated.
configure:3650: $? = 1
configure:3639: gcc -qversion >&5
gcc: error: unrecognized command-line option '-qversion'; did you mean '--version'?
gcc: fatal error: no input files
compilation terminated.
configure:3650: $? = 1
configure:3670: checking whether the C compiler works
configure:3692: gcc -fsanitize=address,undefined -g0 -fno-omit-frame-pointer  -fsanitize=address,undefined conftest.c  >&5
configure:3696: $? = 0
configure:3744: result: yes
configure:3747: checking for C compiler default output file name
configure:3749: result: a.out
configure:3755: checking for suffix of executables
configure:3762: gcc -o conftest -fsanitize=address,undefined -g0 -fno-omit-frame-pointer  -fsanitize=address,undefined conftest.c  >&5
configure:3766: $? = 0
configure:3788: result: 
configure:3810: checking whether we are cross compiling
configure:3818: gcc -o conftest -fsanitize=address,undefined -g0 -fno-omit-frame-pointer  -fsanitize=address,undefined conftest.c  >&5
configure:3822: $? = 0
configure:3829: ./conftest
configure:3833: $? = 0
configure:3848: result: no
configure:3853: checking for suffix of object files
configure:3875: gcc -c -fsanitize=address,undefined -g0 -fno-omit-frame-pointer  conftest.c >&5
configure:3879: $? = 0
configure:3900: result: o
configure:3904: checking whether we are using the GNU C compiler
configure:3923: gcc -c -fsanitize=address,undefined -g0 -fno-omit-frame-pointer  conftest.c >&5
configure:3923: $? = 0
configure:3932: result: yes
configure:3941: checking whether gcc accepts -g
configure:3961: gcc -c -g  conftest.c >&5
configure:3961: $? = 0
configure:4002: result: yes
configure:4019: checking for gcc option to accept ISO C89
configure:4082: gcc  -c -fsanitize=address,undefined -g0 -fno-omit-frame-pointer  conftest.c >&5
configure:4082: $? = 0
configure:4095: result: none needed
configure:4120: checking whether gcc understands -c and -o together
configure:4142: gcc -c conftest.c -o conftest2.o
configure:4145: $? = 0
configure:4142: gcc -c conftest.c -o conftest2.o
configure:4145: $? = 0
configure:4157: result: yes
configure:4185: checking for style of include used by make
configure:4213: result: GNU
configure:4239: checking dependency style of gcc
configure:4350: result: gcc3
configure:4366: checking whether gcc and cc understand -c and -o together
configure:4397: gcc -c conftest.c -o conftest2.o >&5
configure:4401: $? = 0
configure:4407: gcc -c conftest.c -o conftest2.o >&5
configure:4411: $? = 0
configure:4422: cc -c conftest.c >&5
configure:4426: $? = 0
configure:4434: cc -c conftest.c -o conftest2.o >&5
configure:4438: $? = 0
configure:4444: cc -c conftest.c -o conftest2.o >&5
configure:4448: $? = 0
configure:4466: result: yes
configure:4480: checking for gcc option to accept ISO C99
configure:4629: gcc  -c -fsanitize=address,undefined -g0 -fno-omit-frame-pointer  conftest.c >&5
configure:4629: $? = 0
configure:4642: result: none needed
configure:4750: checking for gcc option to accept ISO Standard C
configure:4761: result: none needed
configure:4769: checking whether make sets $(MAKE)
configure:4791: result: yes
configure:4804: checking for gawk
configure:4831: result: gawk
configure:4896: checking for pkg-config
configure:4914: found /usr/bin/pkg-config
configure:4926: result: /usr/bin/pkg-config
configure:4951: checking pkg-config is at least version 0.9.0
configure:4954: result: yes
configure:4967: checking build system type
configure:4981: result: x86_64-unknown-linux-gnu
configure:5001: checking host system type
configure:5014: result: x86_64-unknown-linux-gnu
configure:5044: checking for native Win32
configure:5064: result: no
configure:5136: checking how to print strings
configure:5163: result: printf
configure:5184: checking for a sed that does not truncate output
configure:5248: result: /usr/bin/sed
configure:5266: checking for grep that handles long lines and -e
configure:5324: result: /usr/bin/grep
configure:5329: checking for egrep
configure:5391: result: /usr/bin/grep -E
configure:5396: checking for fgrep
configure:5458: result: /usr/bin/grep -F
configure:5493: checking for ld used by gcc
configure:5560: result: /usr/bin/ld
configure:5567: checking if the linker (/usr/bin/ld) is GNU ld
configure:5582: result: yes
configure:5594: checking for BSD- or MS-compatible name lister (nm)
configure:5643: result: /usr/bin/nm -B
configure:5773: checking the name lister (/usr/bin/nm -B) interface
configure:5780: gcc -c -fsanitize=address,undefined -g0 -fno-omit-frame-pointer  conftest.c >&5
configure:5783: /usr/bin/nm -B "conftest.o"
configure:5786: output
                 U __asan_init
                 U __asan_register_globals
                 U __asan_unregister_globals
                 U __asan_version_mismatch_check_v8
0000000000000040 B __odr_asan.some_variable
0000000000000000 t _sub_D_00099_0
000000000000001e t _sub_I_00099_1
0000000000000000 B some_variable
configure:5793: result: BSD nm
configure:5796: checking whether ln -s works
configure:5800: result: yes
configure:5808: checking the maximum length of command line arguments
configure:5938: result: 1572864
configure:5955: checking whether the shell understands some XSI constructs
configure:5965: result: yes
configure:5969: checking whether the shell understands "+="
configure:5975: result: yes
configure:6010: checking how to convert x86_64-unknown-linux-gnu file names to x86_64-unknown-linux-gnu format
configure:6050: result: func_convert_file_noop
configure:6057: checking how to convert x86_64-unknown-linux-gnu file names to toolchain format
configure:6077: result: func_convert_file_noop
configure:6084: checking for /usr/bin/ld option to reload object files
configure:6091: result: -r
configure:6165: checking for objdump
configure:6181: found /usr/bin/objdump
configure:6192: result: objdump
configure:6221: checking how to recognize dependent libraries
configure:6423: result: pass_all
configure:6508: checking for dlltool
configure:6538: result: no
configure:6565: checking how to associate runtime and link libraries
configure:6592: result: printf %s\n
configure:6653: checking for ar
configure:6669: found /usr/bin/ar
configure:6680: result: ar
configure:6717: checking for archiver @FILE support
configure:6734: gcc -c -fsanitize=address,undefined -g0 -fno-omit-frame-pointer  conftest.c >&5
configure:6734: $? = 0
configure:6737: ar cru libconftest.a @conftest.lst >&5
ar: `u' modifier ignored since `D' is the default (see `U')
configure:6740: $? = 0
configure:6745: ar cru libconftest.a @conftest.lst >&5
ar: `u' modifier ignored since `D' is the default (see `U')
ar: conftest.o: No such file or directory
configure:6748: $? = 1
configure:6760: result: @
configure:6818: checking for strip
configure:6834: found /usr/bin/strip
configure:6845: result: strip
configure:6917: checking for ranlib
configure:6933: found /usr/bin/ranlib
configure:6944: result: ranlib
configure:7046: checking command to parse /usr/bin/nm -B output from gcc object
configure:7166: gcc -c -fsanitize=address,undefined -g0 -fno-omit-frame-pointer  conftest.c >&5
configure:7169: $? = 0
configure:7173: /usr/bin/nm -B conftest.o \| sed -n -e 's/^.*[ ]\([ABCDGIRSTW][ABCDGIRSTW]*\)[ ][ ]*\([_A-Za-z][_A-Za-z0-9]*\)$/\1 \2 \2/p' | sed '/ __gnu_lto/d' \> conftest.nm
configure:7176: $? = 0
configure:7242: gcc -o conftest -fsanitize=address,undefined -g0 -fno-omit-frame-pointer  -fsanitize=address,undefined conftest.c conftstm.o >&5
configure:7245: $? = 0
configure:7283: result: ok
configure:7320: checking for sysroot
configure:7350: result: no
configure:7427: gcc -c -fsanitize=address,undefined -g0 -fno-omit-frame-pointer  conftest.c >&5
configure:7430: $? = 0
configure:7612: checking for mt
configure:7628: found /usr/bin/mt
configure:7639: result: mt
configure:7662: checking if mt is a manifest tool
configure:7668: mt '-?'
configure:7676: result: no
configure:8318: checking how to run the C preprocessor
configure:8349: gcc -E  conftest.c
configure:8349: $? = 0
configure:8363: gcc -E  conftest.c
conftest.c:9:10: fatal error: ac_nonexistent.h: No such file or directory
    9 | #include <ac_nonexistent.h>
      |          ^~~~~~~~~~~~~~~~~~
compilation terminated.
configure:8363: $? = 1
configure: failed program was:
| /* confdefs.h */
| #define PACKAGE_NAME "gdk-pixbuf"
| #define PACKAGE_TARNAME "gdk-pixbuf"
| #define PACKAGE_VERSION "2.31.1"
| #define PACKAGE_STRING "gdk-pixbuf 2.31.1"
| #define PACKAGE_BUGREPORT "http://bugzilla.gnome.org/enter_bug.cgi?product=gdk-pixbuf"
| #define PACKAGE_URL ""
| /* end confdefs.h.  */
| #include <ac_nonexistent.h>
configure:8388: result: gcc -E
configure:8408: gcc -E  conftest.c
configure:8408: $? = 0
configure:8422: gcc -E  conftest.c
conftest.c:9:10: fatal error: ac_nonexistent.h: No such file or directory
    9 | #include <ac_nonexistent.h>
      |          ^~~~~~~~~~~~~~~~~~
compilation terminated.
configure:8422: $? = 1
configure: failed program was:
| /* confdefs.h */
| #define PACKAGE_NAME "gdk-pixbuf"
| #define PACKAGE_TARNAME "gdk-pixbuf"
| #define PACKAGE_VERSION "2.31.1"
| #define PACKAGE_STRING "gdk-pixbuf 2.31.1"
| #define PACKAGE_BUGREPORT "http://bugzilla.gnome.org/enter_bug.cgi?product=gdk-pixbuf"
| #define PACKAGE_URL ""
| /* end confdefs.h.  */
| #include <ac_nonexistent.h>
configure:8451: checking for ANSI C header files
configure:8471: gcc -c -fsanitize=address,undefined -g0 -fno-omit-frame-pointer  conftest.c >&5
configure:8471: $? = 0
configure:8544: gcc -o conftest -fsanitize=address,undefined -g0 -fno-omit-frame-pointer  -fsanitize=address,undefined conftest.c  >&5
configure:8544: $? = 0
configure:8544: ./conftest
configure:8544: $? = 0
configure:8555: result: yes
configure:8568: checking for sys/types.h
configure:8568: gcc -c -fsanitize=address,undefined -g0 -fno-omit-frame-pointer  conftest.c >&5
configure:8568: $? = 0
configure:8568: result: yes
configure:8568: checking for sys/stat.h
configure:8568: gcc -c -fsanitize=address,undefined -g0 -fno-omit-frame-pointer  conftest.c >&5
configure:8568: $? = 0
configure:8568: result: yes
configure:8568: checking for stdlib.h
configure:8568: gcc -c -fsanitize=address,undefined -g0 -fno-omit-frame-pointer  conftest.c >&5
configure:8568: $? = 0
configure:8568: result: yes
configure:8568: checking for string.h
configure:8568: gcc -c -fsanitize=address,undefined -g0 -fno-omit-frame-pointer  conftest.c >&5
configure:8568: $? = 0
configure:8568: result: yes
configure:8568: checking for memory.h
configure:8568: gcc -c -fsanitize=address,undefined -g0 -fno-omit-frame-pointer  conftest.c >&5
configure:8568: $? = 0
configure:8568: result: yes
configure:8568: checking for strings.h
configure:8568: gcc -c -fsanitize=address,undefined -g0 -fno-omit-frame-pointer  conftest.c >&5
configure:8568: $? = 0
configure:8568: result: yes
configure:8568: checking for inttypes.h
configure:8568: gcc -c -fsanitize=address,undefined -g0 -fno-omit-frame-pointer  conftest.c >&5
configure:8568: $? = 0
configure:8568: result: yes
configure:8568: checking for stdint.h
configure:8568: gcc -c -fsanitize=address,undefined -g0 -fno-omit-frame-pointer  conftest.c >&5
configure:8568: $? = 0
configure:8568: result: yes
configure:8568: checking for unistd.h
configure:8568: gcc -c -fsanitize=address,undefined -g0 -fno-omit-frame-pointer  conftest.c >&5
configure:8568: $? = 0
configure:8568: result: yes
configure:8582: checking for dlfcn.h
configure:8582: gcc -c -fsanitize=address,undefined -g0 -fno-omit-frame-pointer  conftest.c >&5
configure:8582: $? = 0
configure:8582: result: yes
configure:9085: checking for objdir
configure:9100: result: .libs
configure:9371: checking if gcc supports -fno-rtti -fno-exceptions
configure:9389: gcc -c -fsanitize=address,undefined -g0 -fno-omit-frame-pointer  -fno-rtti -fno-exceptions conftest.c >&5
cc1: warning: command-line option '-fno-rtti' is valid for C++/D/ObjC++ but not for C
configure:9393: $? = 0
configure:9406: result: no
configure:9733: checking for gcc option to produce PIC
configure:9740: result: -fPIC -DPIC
configure:9748: checking if gcc PIC flag -fPIC -DPIC works
configure:9766: gcc -c -fsanitize=address,undefined -g0 -fno-omit-frame-pointer  -fPIC -DPIC -DPIC conftest.c >&5
configure:9770: $? = 0
configure:9783: result: yes
configure:9812: checking if gcc static flag -static works
configure:9840: result: no
configure:9855: checking if gcc supports -c -o file.o
configure:9876: gcc -c -fsanitize=address,undefined -g0 -fno-omit-frame-pointer  -o out/conftest2.o conftest.c >&5
configure:9880: $? = 0
configure:9902: result: yes
configure:9910: checking if gcc supports -c -o file.o
configure:9957: result: yes
configure:9990: checking whether the gcc linker (/usr/bin/ld -m elf_x86_64) supports shared libraries
configure:11143: result: yes
configure:11180: checking whether -lc should be explicitly linked in
configure:11188: gcc -c -fsanitize=address,undefined -g0 -fno-omit-frame-pointer  conftest.c >&5
configure:11191: $? = 0
configure:11206: gcc -shared  -fPIC -DPIC conftest.o  -v -Wl,-soname -Wl,conftest -o conftest 2\>\&1 \| /usr/bin/grep  -lc  \>/dev/null 2\>\&1
configure:11209: $? = 0
configure:11223: result: no
configure:11383: checking dynamic linker characteristics
configure:11894: gcc -o conftest -fsanitize=address,undefined -g0 -fno-omit-frame-pointer  -fsanitize=address,undefined -Wl,-rpath -Wl,/foo conftest.c  >&5
configure:11894: $? = 0
configure:12120: result: GNU/Linux ld.so
configure:12227: checking how to hardcode library paths into programs
configure:12252: result: immediate
configure:12792: checking whether stripping libraries is possible
configure:12797: result: yes
configure:12832: checking if libtool supports shared libraries
configure:12834: result: yes
configure:12837: checking whether to build shared libraries
configure:12858: result: yes
configure:12861: checking whether to build static libraries
configure:12865: result: no
configure:12904: creating ./config.lt

## ------------------ ##
## Running config.lt. ##
## ------------------ ##
config.lt:626: creating libtool
configure:14285: checking for special C compiler options needed for large files
configure:14330: result: no
configure:14336: checking for _FILE_OFFSET_BITS value needed for large files
configure:14361: gcc -c -fsanitize=address,undefined -g0 -fno-omit-frame-pointer  conftest.c >&5
configure:14361: $? = 0
configure:14393: result: no
configure:14488: checking dependency style of gcc
configure:14597: result: gcc3
configure:14713: checking for some Win32 platform
configure:14722: result: no
configure:14935: checking whether build environment is sane
configure:14990: result: yes
configure:15071: checking for BASE_DEPENDENCIES
configure:15078: $PKG_CONFIG --exists --print-errors "glib-2.0 >= 2.37.6"
configure:15081: $? = 0
configure:15095: $PKG_CONFIG --exists --print-errors "glib-2.0 >= 2.37.6"
configure:15098: $? = 0
configure:15156: result: yes
configure:15180: checking Whether to write dependencies into .pc files
configure:15197: result: no
configure:15216: checking for perl5
configure:15249: result: no
configure:15216: checking for perl
configure:15234: found /usr/bin/perl
configure:15246: result: /usr/bin/perl
configure:15267: checking for sigsetjmp
configure:15283: gcc -o conftest -fsanitize=address,undefined -g0 -fno-omit-frame-pointer -Wall  -DG_DISABLE_SINGLE_INCLUDES -fsanitize=address,undefined conftest.c  >&5
configure:15283: $? = 0
configure:15290: result: yes
configure:15308: checking whether NLS is requested
configure:15317: result: yes
configure:15358: checking for msgfmt
configure: trying /usr/bin/msgfmt...
0 translated messages.
configure:15390: result: /usr/bin/msgfmt
configure:15399: checking for gmsgfmt
configure:15430: result: /usr/bin/msgfmt
configure:15481: checking for xgettext
configure: trying /usr/bin/xgettext...
/usr/bin/xgettext: warning: file '/dev/null' extension '' is unknown; will try C
configure:15513: result: /usr/bin/xgettext
configure:15559: checking for msgmerge
configure: trying /usr/bin/msgmerge...
configure:15590: result: /usr/bin/msgmerge
configure:15647: checking for ld used by GCC
configure:15711: result: /usr/bin/ld -m elf_x86_64
configure:15718: checking if the linker (/usr/bin/ld -m elf_x86_64) is GNU ld
configure:15731: result: yes
configure:15738: checking for shared library run path origin
configure:15751: result: done
configure:16252: checking for CFPreferencesCopyAppValue
configure:16270: gcc -o conftest -fsanitize=address,undefined -g0 -fno-omit-frame-pointer -Wall  -DG_DISABLE_SINGLE_INCLUDES -fsanitize=address,undefined conftest.c  -Wl,-framework -Wl,CoreFoundation >&5
conftest.c:22:10: fatal error: CoreFoundation/CFPreferences.h: No such file or directory
   22 | #include <CoreFoundation/CFPreferences.h>
      |          ^~~~~~~~~~~~~~~~~~~~~~~~~~~~~~~~
compilation terminated.
configure:16270: $? = 1
configure: failed program was:
| /* confdefs.h */
| #define PACKAGE_NAME "gdk-pixbuf"
| #define PACKAGE_TARNAME "gdk-pixbuf"
| #define PACKAGE_VERSION "2.31.1"
| #define PACKAGE_STRING "gdk-pixbuf 2.31.1"
| #define PACKAGE_BUGREPORT "http://bugzilla.gnome.org/enter_bug.cgi?product=gdk-pixbuf"
| #define PACKAGE_URL ""
| #define STDC_HEADERS 1
| #define HAVE_SYS_TYPES_H 1
| #define HAVE_SYS_STAT_H 1
| #define HAVE_STDLIB_H 1
| #define HAVE_STRING_H 1
| #define HAVE_MEMORY_H 1
| #define HAVE_STRINGS_H 1
| #define HAVE_INTTYPES_H 1
| #define HAVE_STDINT_H 1
| #define HAVE_UNISTD_H 1
| #define HAVE_DLFCN_H 1
| #define LT_OBJDIR ".libs/"
| #define HAVE_SIGSETJMP 1
| /* end confdefs.h.  */
| #include <CoreFoundation/CFPreferences.h>
| int
| main ()
| {
| CFPreferencesCopyAppValue(NULL, NULL)
|   ;
|   return 0;
| }
configure:16279: result: no
configure:16286: checking for CFLocaleCopyCurrent
configure:16304: gcc -o conftest -fsanitize=address,undefined -g0 -fno-omit-frame-pointer -Wall  -DG_DISABLE_SINGLE_INCLUDES -fsanitize=address,undefined conftest.c  -Wl,-framework -Wl,CoreFoundation >&5
conftest.c:22:10: fatal error: CoreFoundation/CFLocale.h: No such file or directory
   22 | #include <CoreFoundation/CFLocale.h>
      |          ^~~~~~~~~~~~~~~~~~~~~~~~~~~
compilation terminated.
configure:16304: $? = 1
configure: failed program was:
| /* confdefs.h */
| #define PACKAGE_NAME "gdk-pixbuf"
| #define PACKAGE_TARNAME "gdk-pixbuf"
| #define PACKAGE_VERSION "2.31.1"
| #define PACKAGE_STRING "gdk-pixbuf 2.31.1"
| #define PACKAGE_BUGREPORT "http://bugzilla.gnome.org/enter_bug.cgi?product=gdk-pixbuf"
| #define PACKAGE_URL ""
| #define STDC_HEADERS 1
| #define HAVE_SYS_TYPES_H 1
| #define HAVE_SYS_STAT_H 1
| #define HAVE_STDLIB_H 1
| #define HAVE_STRING_H 1
| #define HAVE_MEMORY_H 1
| #define HAVE_STRINGS_H 1
| #define HAVE_INTTYPES_H 1
| #define HAVE_STDINT_H 1
| #define HAVE_UNISTD_H 1
| #define HAVE_DLFCN_H 1
| #define LT_OBJDIR ".libs/"
| #define HAVE_SIGSETJMP 1
| /* end confdefs.h.  */
| #include <CoreFoundation/CFLocale.h>
| int
| main ()
| {
| CFLocaleCopyCurrent();
|   ;
|   return 0;
| }
configure:16313: result: no
configure:16362: checking for GNU gettext in libc
configure:16382: gcc -o conftest -fsanitize=address,undefined -g0 -fno-omit-frame-pointer -Wall  -DG_DISABLE_SINGLE_INCLUDES -fsanitize=address,undefined conftest.c  >&5
configure:16382: $? = 0
configure:16391: result: yes
configure:17137: checking whether to use NLS
configure:17139: result: yes
configure:17142: checking where the gettext function comes from
configure:17153: result: libc
configure:17219: checking for extra flags to get ANSI library prototypes
configure:17234: gcc -o conftest -fsanitize=address,undefined -g0 -fno-omit-frame-pointer -Wall  -DG_DISABLE_SINGLE_INCLUDES -fsanitize=address,undefined conftest.c  -lm >&5
configure:17234: $? = 0
configure:17234: ./conftest
configure:17234: $? = 0
configure:17235: result: none needed
configure:17270: checking for the BeOS
configure:17279: result: no
configure:17288: checking for HP-UX
configure:17297: result: no
configure:17302: checking for extra flags for POSIX compliance
configure:17315: gcc -c -fsanitize=address,undefined -g0 -fno-omit-frame-pointer -Wall  -DG_DISABLE_SINGLE_INCLUDES conftest.c >&5
conftest.c: In function 'main':
conftest.c:30:6: warning: unused variable 'dir' [-Wunused-variable]
   30 | DIR *dir;
      |      ^~~
configure:17315: $? = 0
configure:17316: result: none needed
configure:17436: checking for pkg-config
configure:17466: result: /usr/bin/pkg-config
configure:17491: checking pkg-config is at least version 0.16
configure:17494: result: yes
configure:17511: checking for GLIB - version >= 2.37.6
configure:17623: gcc -o conftest -fsanitize=address,undefined -g0 -fno-omit-frame-pointer -Wall -pthread -I/usr/include/glib-2.0 -I/usr/lib/x86_64-linux-gnu/glib-2.0/include  -DG_DISABLE_SINGLE_INCLUDES -fsanitize=address,undefined conftest.c -lgobject-2.0 -lgmodule-2.0 -pthread -lgthread-2.0 -pthread -lglib-2.0  >&5
configure:17623: $? = 0
configure:17623: ./conftest
configure:17623: $? = 0
configure:17637: result: yes (version 2.72.4)
configure:17712: checking for bind_textdomain_codeset
configure:17712: gcc -o conftest -fsanitize=address,undefined -g0 -fno-omit-frame-pointer -Wall  -DG_DISABLE_SINGLE_INCLUDES -fsanitize=address,undefined conftest.c  -lgobject-2.0 -lgmodule-2.0 -pthread -lgthread-2.0 -pthread -lglib-2.0 >&5
configure:17712: $? = 0
configure:17712: result: yes
configure:17726: checking for unistd.h
configure:17726: result: yes
configure:17726: checking sys/resource.h usability
configure:17726: gcc -c -fsanitize=address,undefined -g0 -fno-omit-frame-pointer -Wall  -DG_DISABLE_SINGLE_INCLUDES conftest.c >&5
configure:17726: $? = 0
configure:17726: result: yes
configure:17726: checking sys/resource.h presence
configure:17726: gcc -E  -DG_DISABLE_SINGLE_INCLUDES conftest.c
configure:17726: $? = 0
configure:17726: result: yes
configure:17726: checking for sys/resource.h
configure:17726: result: yes
configure:17738: checking for setrlimit
configure:17738: gcc -o conftest -fsanitize=address,undefined -g0 -fno-omit-frame-pointer -Wall  -DG_DISABLE_SINGLE_INCLUDES -fsanitize=address,undefined conftest.c  >&5
configure:17738: $? = 0
configure:17738: result: yes
configure:17753: checking for ANSI C header files
configure:17857: result: yes
configure:17867: checking for an ANSI C-conforming const
configure:17933: gcc -c -fsanitize=address,undefined -g0 -fno-omit-frame-pointer -Wall  -DG_DISABLE_SINGLE_INCLUDES conftest.c >&5
configure:17933: $? = 0
configure:17940: result: yes
configure:17966: checking whether to build gmodulized gdk-pixbuf
configure:17978: result: no
configure:18219: checking for jpeg_destroy_decompress in -ljpeg
configure:18244: gcc -o conftest -fsanitize=address,undefined -g0 -fno-omit-frame-pointer -Wall  -DG_DISABLE_SINGLE_INCLUDES -fsanitize=address,undefined conftest.c -ljpeg   >&5
configure:18244: $? = 0
configure:18253: result: yes
configure:18264: checking for jpeglib.h
configure:18274: gcc -E  -DG_DISABLE_SINGLE_INCLUDES conftest.c
configure:18274: $? = 0
configure:18280: result: yes
configure:18284: checking for jpeg_simple_progression in -ljpeg
configure:18309: gcc -o conftest -fsanitize=address,undefined -g0 -fno-omit-frame-pointer -Wall  -DG_DISABLE_SINGLE_INCLUDES -fsanitize=address,undefined conftest.c -ljpeg   >&5
configure:18309: $? = 0
configure:18318: result: yes
configure:18346: checking for libpng16
configure:18349: result: yes
configure:18522: checking pixbuf loaders to build
configure:18566: result: 
configure:18749: checking if gio can sniff png
configure:18794: gcc -o conftest -pthread -I/usr/include/libmount -I/usr/include/blkid -I/usr/include/glib-2.0 -I/usr/lib/x86_64-linux-gnu/glib-2.0/include  -DG_DISABLE_SINGLE_INCLUDES -fsanitize=address,undefined conftest.c -lgio-2.0 -lgobject-2.0 -lglib-2.0 >&5
conftest.c: In function 'main':
conftest.c:57:5: warning: 'g_type_init' is deprecated [-Wdeprecated-declarations]
   57 |     g_type_init ();
      |     ^~~~~~~~~~~
In file included from /usr/include/glib-2.0/gobject/gobject.h:24,
                 from /usr/include/glib-2.0/gobject/gbinding.h:29,
                 from /usr/include/glib-2.0/glib-object.h:22,
                 from /usr/include/glib-2.0/gio/gioenums.h:28,
                 from /usr/include/glib-2.0/gio/giotypes.h:28,
                 from /usr/include/glib-2.0/gio/gio.h:26,
                 from conftest.c:33:
/usr/include/glib-2.0/gobject/gtype.h:710:23: note: declared here
  710 | void                  g_type_init                    (void);
      |                       ^~~~~~~~~~~
configure:18794: $? = 0
configure:18794: ./conftest

=================================================================
==3688826==ERROR: LeakSanitizer: detected memory leaks

Direct leak of 20 byte(s) in 2 object(s) allocated from:
    #0 0x7f03fdcd3887 in __interceptor_malloc ../../../../src/libsanitizer/asan/asan_malloc_linux.cpp:145
    #1 0x7f03fd907738 in g_malloc (/lib/x86_64-linux-gnu/libglib-2.0.so.0+0x5e738)

SUMMARY: AddressSanitizer: 20 byte(s) leaked in 2 allocation(s).
configure:18794: $? = 1
configure: program exited with status 1
configure: failed program was:
| /* confdefs.h */
| #define PACKAGE_NAME "gdk-pixbuf"
| #define PACKAGE_TARNAME "gdk-pixbuf"
| #define PACKAGE_VERSION "2.31.1"
| #define PACKAGE_STRING "gdk-pixbuf 2.31.1"
| #define PACKAGE_BUGREPORT "http://bugzilla.gnome.org/enter_bug.cgi?product=gdk-pixbuf"
| #define PACKAGE_URL ""
| #define STDC_HEADERS 1
| #define HAVE_SYS_TYPES_H 1
| #define HAVE_SYS_STAT_H 1
| #define HAVE_STDLIB_H 1
| #define HAVE_STRING_H 1
| #define HAVE_MEMORY_H 1
| #define HAVE_STRINGS_H 1
| #define HAVE_INTTYPES_H 1
| #define HAVE_STDINT_H 1
| #define HAVE_UNISTD_H 1
| #define HAVE_DLFCN_H 1
| #define LT_OBJDIR ".libs/"
| #define HAVE_SIGSETJMP 1
| #define ENABLE_NLS 1
| #define HAVE_GETTEXT 1
| #define HAVE_DCGETTEXT 1
| #define GETTEXT_PACKAGE "gdk-pixbuf"
| #define HAVE_BIND_TEXTDOMAIN_CODESET 1
| #define HAVE_UNISTD_H 1
| #define HAVE_SYS_RESOURCE_H 1
| #define HAVE_SETRLIMIT 1
| #define STDC_HEADERS 1
| #define HAVE_PROGRESSIVE_JPEG 1
| /* end confdefs.h.  */
| 
|   #include <gio/gio.h>
|   static const gsize data_size = 159;
|   static const guint8 data[] =
|   {
|     0x89, 0x50, 0x4e, 0x47, 0x0d, 0x0a, 0x1a, 0x0a, 0x00, 0x00, 0x00, 0x0d,
|     0x49, 0x48, 0x44, 0x52, 0x00, 0x00, 0x00, 0x01, 0x00, 0x00, 0x00, 0x01,
|     0x08, 0x02, 0x00, 0x00, 0x00, 0x90, 0x77, 0x53, 0xde, 0x00, 0x00, 0x00,
|     0x01, 0x73, 0x52, 0x47, 0x42, 0x00, 0xae, 0xce, 0x1c, 0xe9, 0x00, 0x00,
|     0x00, 0x09, 0x70, 0x48, 0x59, 0x73, 0x00, 0x00, 0x0b, 0x13, 0x00, 0x00,
|     0x0b, 0x13, 0x01, 0x00, 0x9a, 0x9c, 0x18, 0x00, 0x00, 0x00, 0x07, 0x74,
|     0x49, 0x4d, 0x45, 0x07, 0xd8, 0x07, 0x0f, 0x10, 0x08, 0x15, 0x61, 0xd8,
|     0x35, 0x37, 0x00, 0x00, 0x00, 0x19, 0x74, 0x45, 0x58, 0x74, 0x43, 0x6f,
|     0x6d, 0x6d, 0x65, 0x6e, 0x74, 0x00, 0x43, 0x72, 0x65, 0x61, 0x74, 0x65,
|     0x64, 0x20, 0x77, 0x69, 0x74, 0x68, 0x20, 0x47, 0x49, 0x4d, 0x50, 0x57,
|     0x81, 0x0e, 0x17, 0x00, 0x00, 0x00, 0x0c, 0x49, 0x44, 0x41, 0x54, 0x08,
|     0xd7, 0x63, 0xf8, 0xff, 0xff, 0x3f, 0x00, 0x05, 0xfe, 0x02, 0xfe, 0xdc,
|     0xcc, 0x59, 0xe7, 0x00, 0x00, 0x00, 0x00, 0x49, 0x45, 0x4e, 0x44, 0xae,
|     0x42, 0x60, 0x82
|   };
|   int
|   main (int argc, char **argv)
|   {
|     char *content_type;
|     char *image_png;
|     g_type_init ();
|     content_type = g_content_type_guess (NULL, data, data_size, NULL);
|     image_png = g_content_type_from_mime_type ("image/png");
|     return !!g_strcmp0 (content_type, image_png);
|   }
configure:18806: result: no
configure:18877: checking sys/systeminfo.h usability
configure:18877: gcc -c -fsanitize=address,undefined -g0 -fno-omit-frame-pointer -Wall  -DG_DISABLE_SINGLE_INCLUDES conftest.c >&5
conftest.c:65:10: fatal error: sys/systeminfo.h: No such file or directory
   65 | #include <sys/systeminfo.h>
      |          ^~~~~~~~~~~~~~~~~~
compilation terminated.
configure:18877: $? = 1
configure: failed program was:
| /* confdefs.h */
| #define PACKAGE_NAME "gdk-pixbuf"
| #define PACKAGE_TARNAME "gdk-pixbuf"
| #define PACKAGE_VERSION "2.31.1"
| #define PACKAGE_STRING "gdk-pixbuf 2.31.1"
| #define PACKAGE_BUGREPORT "http://bugzilla.gnome.org/enter_bug.cgi?product=gdk-pixbuf"
| #define PACKAGE_URL ""
| #define STDC_HEADERS 1
| #define HAVE_SYS_TYPES_H 1
| #define HAVE_SYS_STAT_H 1
| #define HAVE_STDLIB_H 1
| #define HAVE_STRING_H 1
| #define HAVE_MEMORY_H 1
| #define HAVE_STRINGS_H 1
| #define HAVE_INTTYPES_H 1
| #define HAVE_STDINT_H 1
| #define HAVE_UNISTD_H 1
| #define HAVE_DLFCN_H 1
| #define LT_OBJDIR ".libs/"
| #define HAVE_SIGSETJMP 1
| #define ENABLE_NLS 1
| #define HAVE_GETTEXT 1
| #define HAVE_DCGETTEXT 1
| #define GETTEXT_PACKAGE "gdk-pixbuf"
| #define HAVE_BIND_TEXTDOMAIN_CODESET 1
| #define HAVE_UNISTD_H 1
| #define HAVE_SYS_RESOURCE_H 1
| #define HAVE_SETRLIMIT 1
| #define STDC_HEADERS 1
| #define HAVE_PROGRESSIVE_JPEG 1
| /* end confdefs.h.  */
| #include <stdio.h>
| #ifdef HAVE_SYS_TYPES_H
| # include <sys/types.h>
| #endif
| #ifdef HAVE_SYS_STAT_H
| # include <sys/stat.h>
| #endif
| #ifdef STDC_HEADERS
| # include <stdlib.h>
| # include <stddef.h>
| #else
| # ifdef HAVE_STDLIB_H
| #  include <stdlib.h>
| # endif
| #endif
| #ifdef HAVE_STRING_H
| # if !defined STDC_HEADERS && defined HAVE_MEMORY_H
| #  include <memory.h>
| # endif
| # include <string.h>
| #endif
| #ifdef HAVE_STRINGS_H
| # include <strings.h>
| #endif
| #ifdef HAVE_INTTYPES_H
| # include <inttypes.h>
| #endif
| #ifdef HAVE_STDINT_H
| # include <stdint.h>
| #endif
| #ifdef HAVE_UNISTD_H
| # include <unistd.h>
| #endif
| #include <sys/systeminfo.h>
configure:18877: result: no
configure:18877: checking sys/systeminfo.h presence
configure:18877: gcc -E  -DG_DISABLE_SINGLE_INCLUDES conftest.c
conftest.c:32:10: fatal error: sys/systeminfo.h: No such file or directory
   32 | #include <sys/systeminfo.h>
      |          ^~~~~~~~~~~~~~~~~~
compilation terminated.
configure:18877: $? = 1
configure: failed program was:
| /* confdefs.h */
| #define PACKAGE_NAME "gdk-pixbuf"
| #define PACKAGE_TARNAME "gdk-pixbuf"
| #define PACKAGE_VERSION "2.31.1"
| #define PACKAGE_STRING "gdk-pixbuf 2.31.1"
| #define PACKAGE_BUGREPORT "http://bugzilla.gnome.org/enter_bug.cgi?product=gdk-pixbuf"
| #define PACKAGE_URL ""
| #define STDC_HEADERS 1
| #define HAVE_SYS_TYPES_H 1
| #define HAVE_SYS_STAT_H 1
| #define HAVE_STDLIB_H 1
| #define HAVE_STRING_H 1
| #define HAVE_MEMORY_H 1
| #define HAVE_STRINGS_H 1
| #define HAVE_INTTYPES_H 1
| #define HAVE_STDINT_H 1
| #define HAVE_UNISTD_H 1
| #define HAVE_DLFCN_H 1
| #define LT_OBJDIR ".libs/"
| #define HAVE_SIGSETJMP 1
| #define ENABLE_NLS 1
| #define HAVE_GETTEXT 1
| #define HAVE_DCGETTEXT 1
| #define GETTEXT_PACKAGE "gdk-pixbuf"
| #define HAVE_BIND_TEXTDOMAIN_CODESET 1
| #define HAVE_UNISTD_H 1
| #define HAVE_SYS_RESOURCE_H 1
| #define HAVE_SETRLIMIT 1
| #define STDC_HEADERS 1
| #define HAVE_PROGRESSIVE_JPEG 1
| /* end confdefs.h.  */
| #include <sys/systeminfo.h>
configure:18877: result: no
configure:18877: checking for sys/systeminfo.h
configure:18877: result: no
configure:18885: checking sys/sysinfo.h usability
configure:18885: gcc -c -fsanitize=address,undefined -g0 -fno-omit-frame-pointer -Wall  -DG_DISABLE_SINGLE_INCLUDES conftest.c >&5
configure:18885: $? = 0
configure:18885: result: yes
configure:18885: checking sys/sysinfo.h presence
configure:18885: gcc -E  -DG_DISABLE_SINGLE_INCLUDES conftest.c
configure:18885: $? = 0
configure:18885: result: yes
configure:18885: checking for sys/sysinfo.h
configure:18885: result: yes
configure:18894: checking for mediaLib 2.3
configure:18899: checking for mlib_ImageSetStruct in -lmlib
configure:18924: gcc -o conftest -fsanitize=address,undefined -g0 -fno-omit-frame-pointer -Wall  -DG_DISABLE_SINGLE_INCLUDES -fsanitize=address,undefined conftest.c -lmlib   >&5
/usr/bin/ld: cannot find -lmlib: No such file or directory
collect2: error: ld returned 1 exit status
configure:18924: $? = 1
configure: failed program was:
| /* confdefs.h */
| #define PACKAGE_NAME "gdk-pixbuf"
| #define PACKAGE_TARNAME "gdk-pixbuf"
| #define PACKAGE_VERSION "2.31.1"
| #define PACKAGE_STRING "gdk-pixbuf 2.31.1"
| #define PACKAGE_BUGREPORT "http://bugzilla.gnome.org/enter_bug.cgi?product=gdk-pixbuf"
| #define PACKAGE_URL ""
| #define STDC_HEADERS 1
| #define HAVE_SYS_TYPES_H 1
| #define HAVE_SYS_STAT_H 1
| #define HAVE_STDLIB_H 1
| #define HAVE_STRING_H 1
| #define HAVE_MEMORY_H 1
| #define HAVE_STRINGS_H 1
| #define HAVE_INTTYPES_H 1
| #define HAVE_STDINT_H 1
| #define HAVE_UNISTD_H 1
| #define HAVE_DLFCN_H 1
| #define LT_OBJDIR ".libs/"
| #define HAVE_SIGSETJMP 1
| #define ENABLE_NLS 1
| #define HAVE_GETTEXT 1
| #define HAVE_DCGETTEXT 1
| #define GETTEXT_PACKAGE "gdk-pixbuf"
| #define HAVE_BIND_TEXTDOMAIN_CODESET 1
| #define HAVE_UNISTD_H 1
| #define HAVE_SYS_RESOURCE_H 1
| #define HAVE_SETRLIMIT 1
| #define STDC_HEADERS 1
| #define HAVE_PROGRESSIVE_JPEG 1
| #define HAVE_SYS_SYSINFO_H 1
| /* end confdefs.h.  */
| 
| /* Override any GCC internal prototype to avoid an error.
|    Use char because int might match the return type of a GCC
|    builtin and then its argument prototype would still apply.  */
| #ifdef __cplusplus
| extern "C"
| #endif
| char mlib_ImageSetStruct ();
| int
| main ()
| {
| return mlib_ImageSetStruct ();
|   ;
|   return 0;
| }
configure:18933: result: no
configure:19022: checking for x86 platform
configure:19031: result: no
configure:19350: checking for gobject-introspection
configure:19381: $PKG_CONFIG --exists --print-errors "gobject-introspection-1.0 >= 0.9.3"
configure:19384: $? = 0
configure:19395: result: yes
configure:19441: checking for gtk-doc
configure:19444: $PKG_CONFIG --exists --print-errors "$gtk_doc_requires"
Package gtk-doc was not found in the pkg-config search path.
Perhaps you should add the directory containing `gtk-doc.pc'
to the PKG_CONFIG_PATH environment variable
No package 'gtk-doc' found
configure:19447: $? = 1
configure:19453: result: no
configure:19459: WARNING:
  You will not be able to create source packages with 'make dist'
  because gtk-doc >= 1.20 is not found.
configure:19467: checking for gtkdoc-check
configure:19497: result: no
configure:19504: checking for gtkdoc-check
configure:19537: result: no
configure:19546: checking for gtkdoc-rebase
configure:19579: result: no
configure:19590: checking for gtkdoc-mkpdf
configure:19623: result: no
configure:19648: checking whether to build gtk-doc documentation
configure:19650: result: no
configure:19663: checking for GTKDOC_DEPS
configure:19670: $PKG_CONFIG --exists --print-errors "glib-2.0 >= 2.10.0 gobject-2.0  >= 2.10.0"
configure:19673: $? = 0
configure:19687: $PKG_CONFIG --exists --print-errors "glib-2.0 >= 2.10.0 gobject-2.0  >= 2.10.0"
configure:19690: $? = 0
configure:19728: result: yes
configure:19810: checking for db2html
configure:19838: result: false
configure:19929: checking for -Bsymbolic-functions linker flag
configure:19943: gcc -o conftest -fsanitize=address,undefined -g0 -fno-omit-frame-pointer -Wall  -DG_DISABLE_SINGLE_INCLUDES -Wl,-Bsymbolic-functions conftest.c  >&5
conftest.c: In function 'main':
conftest.c:37:5: warning: 'main' is normally a non-static function [-Wmain]
   37 | int main (void) { return 0; }
      |     ^~~~
At top level:
conftest.c:37:5: warning: 'main' defined but not used [-Wunused-function]
configure:19943: $? = 0
configure:19944: result: yes
configure:20007: checking whether to build with gcov testing
configure:20017: result: no
configure:20284: checking that generated files are newer than configure
configure:20290: result: done
configure:20336: checking that generated files are newer than configure
configure:20342: result: done
configure:20521: creating ./config.status

## ---------------------- ##
## Running config.status. ##
## ---------------------- ##

This file was extended by gdk-pixbuf config.status 2.31.1, which was
generated by GNU Autoconf 2.69.  Invocation command line was

  CONFIG_FILES    = 
  CONFIG_HEADERS  = 
  CONFIG_LINKS    = 
  CONFIG_COMMANDS = 
  $ ./config.status 

on XXF-GPU-03

config.status:1310: creating Makefile
config.status:1310: creating gdk-pixbuf-2.0.pc
config.status:1310: creating gdk-pixbuf-2.0-uninstalled.pc
config.status:1310: creating gdk-pixbuf/Makefile
config.status:1310: creating gdk-pixbuf/gdk_pixbuf.rc
config.status:1310: creating gdk-pixbuf/gdk-pixbuf-features.h
config.status:1310: creating gdk-pixbuf/pixops/Makefile
config.status:1310: creating build/Makefile
config.status:1310: creating build/win32/Makefile
config.status:1310: creating build/win32/vs9/Makefile
config.status:1310: creating build/win32/vs10/Makefile
config.status:1310: creating build/win32/vs11/Makefile
config.status:1310: creating build/win32/vs12/Makefile
config.status:1310: creating docs/Makefile
config.status:1310: creating docs/reference/Makefile
config.status:1310: creating docs/reference/gdk-pixbuf/Makefile
config.status:1310: creating docs/reference/gdk-pixbuf/version.xml
config.status:1310: creating po/Makefile.in
config.status:1310: creating tests/Makefile
config.status:1310: creating contrib/Makefile
config.status:1310: creating contrib/gdk-pixbuf-xlib/Makefile
config.status:1310: creating contrib/gdk-pixbuf-xlib/gdk-pixbuf-xlib-2.0.pc
config.status:1310: creating config.h.win32
config.status:1310: creating config.h
config.status:1539: executing depfiles commands
config.status:1539: executing libtool commands
config.status:1539: executing po-directories commands

## ---------------- ##
## Cache variables. ##
## ---------------- ##

ac_cv_build=x86_64-unknown-linux-gnu
ac_cv_c_compiler_gnu=yes
ac_cv_c_const=yes
ac_cv_env_BASE_DEPENDENCIES_CFLAGS_set=
ac_cv_env_BASE_DEPENDENCIES_CFLAGS_value=
ac_cv_env_BASE_DEPENDENCIES_LIBS_set=
ac_cv_env_BASE_DEPENDENCIES_LIBS_value=
ac_cv_env_CCASFLAGS_set=
ac_cv_env_CCASFLAGS_value=
ac_cv_env_CCAS_set=
ac_cv_env_CCAS_value=
ac_cv_env_CC_set=set
ac_cv_env_CC_value=gcc
ac_cv_env_CFLAGS_set=set
ac_cv_env_CFLAGS_value='-fsanitize=address,undefined -g0 -fno-omit-frame-pointer'
ac_cv_env_CPPFLAGS_set=
ac_cv_env_CPPFLAGS_value=
ac_cv_env_CPP_set=
ac_cv_env_CPP_value=
ac_cv_env_GDK_PIXBUF_XLIB_DEP_CFLAGS_set=
ac_cv_env_GDK_PIXBUF_XLIB_DEP_CFLAGS_value=
ac_cv_env_GDK_PIXBUF_XLIB_DEP_LIBS_set=
ac_cv_env_GDK_PIXBUF_XLIB_DEP_LIBS_value=
ac_cv_env_GTKDOC_DEPS_CFLAGS_set=
ac_cv_env_GTKDOC_DEPS_CFLAGS_value=
ac_cv_env_GTKDOC_DEPS_LIBS_set=
ac_cv_env_GTKDOC_DEPS_LIBS_value=
ac_cv_env_LDFLAGS_set=set
ac_cv_env_LDFLAGS_value=-fsanitize=address,undefined
ac_cv_env_LIBS_set=
ac_cv_env_LIBS_value=
ac_cv_env_PKG_CONFIG_LIBDIR_set=
ac_cv_env_PKG_CONFIG_LIBDIR_value=
ac_cv_env_PKG_CONFIG_PATH_set=
ac_cv_env_PKG_CONFIG_PATH_value=
ac_cv_env_PKG_CONFIG_set=
ac_cv_env_PKG_CONFIG_value=
ac_cv_env_build_alias_set=
ac_cv_env_build_alias_value=
ac_cv_env_host_alias_set=
ac_cv_env_host_alias_value=
ac_cv_env_target_alias_set=
ac_cv_env_target_alias_value=
ac_cv_func_bind_textdomain_codeset=yes
ac_cv_func_setrlimit=yes
ac_cv_header_dlfcn_h=yes
ac_cv_header_inttypes_h=yes
ac_cv_header_memory_h=yes
ac_cv_header_stdc=yes
ac_cv_header_stdint_h=yes
ac_cv_header_stdlib_h=yes
ac_cv_header_string_h=yes
ac_cv_header_strings_h=yes
ac_cv_header_sys_resource_h=yes
ac_cv_header_sys_stat_h=yes
ac_cv_header_sys_sysinfo_h=yes
ac_cv_header_sys_systeminfo_h=no
ac_cv_header_sys_types_h=yes
ac_cv_header_unistd_h=yes
ac_cv_host=x86_64-unknown-linux-gnu
ac_cv_lib_jpeg_jpeg_destroy_decompress=yes
ac_cv_lib_jpeg_jpeg_simple_progression=yes
ac_cv_lib_mlib_mlib_ImageSetStruct=no
ac_cv_objext=o
ac_cv_path_EGREP='/usr/bin/grep -E'
ac_cv_path_FGREP='/usr/bin/grep -F'
ac_cv_path_GMSGFMT=/usr/bin/msgfmt
ac_cv_path_GREP=/usr/bin/grep
ac_cv_path_MSGFMT=/usr/bin/msgfmt
ac_cv_path_MSGMERGE=/usr/bin/msgmerge
ac_cv_path_PERL=/usr/bin/perl
ac_cv_path_SED=/usr/bin/sed
ac_cv_path_XGETTEXT=/usr/bin/xgettext
ac_cv_path_ac_pt_PKG_CONFIG=/usr/bin/pkg-config
ac_cv_path_install='/usr/bin/install -c'
ac_cv_path_mkdir=/usr/bin/mkdir
ac_cv_prog_AWK=gawk
ac_cv_prog_CPP='gcc -E'
ac_cv_prog_DB2HTML=false
ac_cv_prog_ac_ct_AR=ar
ac_cv_prog_ac_ct_CC=gcc
ac_cv_prog_ac_ct_MANIFEST_TOOL=mt
ac_cv_prog_ac_ct_OBJDUMP=objdump
ac_cv_prog_ac_ct_RANLIB=ranlib
ac_cv_prog_ac_ct_STRIP=strip
ac_cv_prog_cc_c89=
ac_cv_prog_cc_c99=
ac_cv_prog_cc_g=yes
ac_cv_prog_cc_gcc_c_o=yes
ac_cv_prog_cc_stdc=
ac_cv_prog_make_make_set=yes
ac_cv_sys_file_offset_bits=no
ac_cv_sys_largefile_CC=no
acl_cv_hardcode_direct=no
acl_cv_hardcode_libdir_flag_spec='${wl}-rpath ${wl}$libdir'
acl_cv_hardcode_libdir_separator=
acl_cv_hardcode_minus_L=no
acl_cv_libext=a
acl_cv_libname_spec='lib$name'
acl_cv_library_names_spec='$libname$shrext'
acl_cv_path_LD='/usr/bin/ld -m elf_x86_64'
acl_cv_prog_gnu_ld=yes
acl_cv_rpath=done
acl_cv_shlibext=so
acl_cv_wl=-Wl,
am_cv_CCAS_dependencies_compiler_type=gcc3
am_cv_CC_dependencies_compiler_type=gcc3
am_cv_make_support_nested_variables=yes
am_cv_prog_cc_c_o=yes
am_cv_prog_tar_ustar=gnutar
gt_cv_func_CFLocaleCopyCurrent=no
gt_cv_func_CFPreferencesCopyAppValue=no
gt_cv_func_gnugettext1_libc=yes
lt_cv_ar_at_file=@
lt_cv_archive_cmds_need_lc=no
lt_cv_deplibs_check_method=pass_all
lt_cv_file_magic_cmd='$MAGIC_CMD'
lt_cv_file_magic_test_file=
lt_cv_ld_reload_flag=-r
lt_cv_nm_interface='BSD nm'
lt_cv_objdir=.libs
lt_cv_path_LD=/usr/bin/ld
lt_cv_path_NM='/usr/bin/nm -B'
lt_cv_path_mainfest_tool=no
lt_cv_prog_compiler_c_o=yes
lt_cv_prog_compiler_pic='-fPIC -DPIC'
lt_cv_prog_compiler_pic_works=yes
lt_cv_prog_compiler_rtti_exceptions=no
lt_cv_prog_compiler_static_works=no
lt_cv_prog_gnu_ld=yes
lt_cv_sharedlib_from_linklib_cmd='printf %s\n'
lt_cv_shlibpath_overrides_runpath=yes
lt_cv_sys_global_symbol_pipe='sed -n -e '\''s/^.*[	 ]\([ABCDGIRSTW][ABCDGIRSTW]*\)[	 ][	 ]*\([_A-Za-z][_A-Za-z0-9]*\)$/\1 \2 \2/p'\'' | sed '\''/ __gnu_lto/d'\'''
lt_cv_sys_global_symbol_to_c_name_address='sed -n -e '\''s/^: \([^ ]*\)[ ]*$/  {\"\1\", (void *) 0},/p'\'' -e '\''s/^[ABCDGIRSTW]* \([^ ]*\) \([^ ]*\)$/  {"\2", (void *) \&\2},/p'\'''
lt_cv_sys_global_symbol_to_c_name_address_lib_prefix='sed -n -e '\''s/^: \([^ ]*\)[ ]*$/  {\"\1\", (void *) 0},/p'\'' -e '\''s/^[ABCDGIRSTW]* \([^ ]*\) \(lib[^ ]*\)$/  {"\2", (void *) \&\2},/p'\'' -e '\''s/^[ABCDGIRSTW]* \([^ ]*\) \([^ ]*\)$/  {"lib\2", (void *) \&\2},/p'\'''
lt_cv_sys_global_symbol_to_cdecl='sed -n -e '\''s/^T .* \(.*\)$/extern int \1();/p'\'' -e '\''s/^[ABCDGIRSTW]* .* \(.*\)$/extern char \1;/p'\'''
lt_cv_sys_max_cmd_len=1572864
lt_cv_to_host_file_cmd=func_convert_file_noop
lt_cv_to_tool_file_cmd=func_convert_file_noop
pkg_cv_BASE_DEPENDENCIES_CFLAGS='-I/usr/include/glib-2.0 -I/usr/lib/x86_64-linux-gnu/glib-2.0/include'
pkg_cv_BASE_DEPENDENCIES_LIBS=-lglib-2.0
pkg_cv_GTKDOC_DEPS_CFLAGS='-I/usr/include/glib-2.0 -I/usr/lib/x86_64-linux-gnu/glib-2.0/include'
pkg_cv_GTKDOC_DEPS_LIBS='-lgobject-2.0 -lglib-2.0'

## ----------------- ##
## Output variables. ##
## ----------------- ##

ACLOCAL='${SHELL} /data/ylwang/non-textfuzz/target/gdk-pixbuf/missing aclocal-1.14'
AMDEPBACKSLASH='\'
AMDEP_FALSE='#'
AMDEP_TRUE=''
AMTAR='$${TAR-tar}'
AM_BACKSLASH='\'
AM_DEFAULT_V='$(AM_DEFAULT_VERBOSITY)'
AM_DEFAULT_VERBOSITY='0'
AM_V='$(V)'
AR='ar'
AS='as'
AUTOCONF='${SHELL} /data/ylwang/non-textfuzz/target/gdk-pixbuf/missing autoconf'
AUTOHEADER='${SHELL} /data/ylwang/non-textfuzz/target/gdk-pixbuf/missing autoheader'
AUTOMAKE='${SHELL} /data/ylwang/non-textfuzz/target/gdk-pixbuf/missing automake-1.14'
AWK='gawk'
BASE_DEPENDENCIES_CFLAGS='-I/usr/include/glib-2.0 -I/usr/lib/x86_64-linux-gnu/glib-2.0/include'
BASE_DEPENDENCIES_LIBS='-lglib-2.0'
BUILD_DYNAMIC_MODULES_FALSE=''
BUILD_DYNAMIC_MODULES_TRUE='#'
BUILD_GDIPLUS_LOADERS_FALSE=''
BUILD_GDIPLUS_LOADERS_TRUE='#'
CC='gcc'
CCAS='gcc'
CCASDEPMODE='depmode=gcc3'
CCASFLAGS='-fsanitize=address,undefined -g0 -fno-omit-frame-pointer'
CCDEPMODE='depmode=gcc3'
CFLAGS='-fsanitize=address,undefined -g0 -fno-omit-frame-pointer -Wall'
CPP='gcc -E'
CPPFLAGS=' -DG_DISABLE_SINGLE_INCLUDES'
CROSS_COMPILING_FALSE=''
CROSS_COMPILING_TRUE='#'
CYGPATH_W='echo'
DB2HTML='false'
DEFS='-DHAVE_CONFIG_H'
DEPDIR='.deps'
DISABLE_EXPLICIT_DEPS_FALSE='#'
DISABLE_EXPLICIT_DEPS_TRUE=''
DLLTOOL='false'
DSYMUTIL=''
DUMPBIN=''
ECHO_C=''
ECHO_N='-n'
ECHO_T=''
EGREP='/usr/bin/grep -E'
ENABLE_ALWAYS_BUILD_TESTS_FALSE=''
ENABLE_ALWAYS_BUILD_TESTS_TRUE='#'
ENABLE_GTK_DOC_FALSE=''
ENABLE_GTK_DOC_TRUE='#'
ENABLE_INSTALLED_TESTS_FALSE=''
ENABLE_INSTALLED_TESTS_TRUE='#'
ENABLE_MAN_FALSE=''
ENABLE_MAN_TRUE='#'
EXEEXT=''
EXE_MANIFEST_ARCHITECTURE='X86'
FGREP='/usr/bin/grep -F'
GCOV=''
GDK_PIXBUF_API_VERSION='2.0'
GDK_PIXBUF_BINARY_VERSION='2.10.0'
GDK_PIXBUF_CSOURCE=''
GDK_PIXBUF_DEP_CFLAGS='-pthread -I/usr/include/libmount -I/usr/include/blkid -I/usr/include/glib-2.0 -I/usr/lib/x86_64-linux-gnu/glib-2.0/include -I/usr/include/libpng16 '
GDK_PIXBUF_DEP_LIBS='-lgmodule-2.0 -pthread -lgio-2.0 -lgobject-2.0 -lglib-2.0 -lpng16 -lz -ljpeg -lpng16 -lz -lm'
GDK_PIXBUF_EXTRA_CFLAGS=''
GDK_PIXBUF_EXTRA_LIBS=' -ljpeg -lpng16 -lz  -lm '
GDK_PIXBUF_LINK_FLAGS='-Wl,-Bsymbolic-functions'
GDK_PIXBUF_MAJOR='2'
GDK_PIXBUF_MICRO='1'
GDK_PIXBUF_MINOR='31'
GDK_PIXBUF_PACKAGES='gmodule-no-export-2.0 gobject-2.0 gio-2.0'
GDK_PIXBUF_VERSION='2.31.1'
GDK_PIXBUF_XLIB_DEP_CFLAGS=''
GDK_PIXBUF_XLIB_DEP_LIBS=''
GENHTML=''
GETTEXT_MACRO_VERSION='0.17'
GETTEXT_PACKAGE='gdk-pixbuf'
GLIB_CFLAGS='-pthread -I/usr/include/glib-2.0 -I/usr/lib/x86_64-linux-gnu/glib-2.0/include'
GLIB_COMPILE_RESOURCES='/usr/bin/glib-compile-resources'
GLIB_GENMARSHAL='/usr/bin/glib-genmarshal'
GLIB_LIBS='-lgobject-2.0 -lgmodule-2.0 -pthread -lgthread-2.0 -pthread -lglib-2.0'
GLIB_MKENUMS='/usr/bin/glib-mkenums'
GMSGFMT='/usr/bin/msgfmt'
GMSGFMT_015='/usr/bin/msgfmt'
GOBJECT_QUERY='/usr/bin/gobject-query'
GREP='/usr/bin/grep'
GTKDOC_CHECK=''
GTKDOC_CHECK_PATH=''
GTKDOC_DEPS_CFLAGS='-I/usr/include/glib-2.0 -I/usr/lib/x86_64-linux-gnu/glib-2.0/include'
GTKDOC_DEPS_LIBS='-lgobject-2.0 -lglib-2.0'
GTKDOC_MKPDF=''
GTKDOC_REBASE='true'
GTK_DOC_BUILD_HTML_FALSE='#'
GTK_DOC_BUILD_HTML_TRUE=''
GTK_DOC_BUILD_PDF_FALSE=''
GTK_DOC_BUILD_PDF_TRUE='#'
GTK_DOC_USE_LIBTOOL_FALSE='#'
GTK_DOC_USE_LIBTOOL_TRUE=''
GTK_DOC_USE_REBASE_FALSE='#'
GTK_DOC_USE_REBASE_TRUE=''
GTK_UPDATE_ICON_CACHE=''
HAVE_DOCBOOK_FALSE=''
HAVE_DOCBOOK_TRUE='#'
HAVE_GTK_DOC_FALSE=''
HAVE_GTK_DOC_TRUE='#'
HAVE_INTROSPECTION_FALSE='#'
HAVE_INTROSPECTION_TRUE=''
HAVE_JASPER_FALSE=''
HAVE_JASPER_TRUE='#'
HAVE_JPEG_FALSE='#'
HAVE_JPEG_TRUE=''
HAVE_PNG_FALSE='#'
HAVE_PNG_TRUE=''
HAVE_TIFF_FALSE=''
HAVE_TIFF_TRUE='#'
HTML_DIR='${datadir}/gtk-doc/html'
INCLUDED_LOADER_DEFINE=''
INCLUDED_LOADER_OBJ=''
INCLUDE_ANI_FALSE=''
INCLUDE_ANI_TRUE='#'
INCLUDE_BMP_FALSE=''
INCLUDE_BMP_TRUE='#'
INCLUDE_GDIPLUS_FALSE=''
INCLUDE_GDIPLUS_TRUE='#'
INCLUDE_GIF_FALSE=''
INCLUDE_GIF_TRUE='#'
INCLUDE_ICNS_FALSE=''
INCLUDE_ICNS_TRUE='#'
INCLUDE_ICO_FALSE=''
INCLUDE_ICO_TRUE='#'
INCLUDE_JASPER_FALSE=''
INCLUDE_JASPER_TRUE='#'
INCLUDE_JPEG_FALSE=''
INCLUDE_JPEG_TRUE='#'
INCLUDE_PCX_FALSE=''
INCLUDE_PCX_TRUE='#'
INCLUDE_PNG_FALSE=''
INCLUDE_PNG_TRUE='#'
INCLUDE_PNM_FALSE=''
INCLUDE_PNM_TRUE='#'
INCLUDE_QTIF_FALSE=''
INCLUDE_QTIF_TRUE='#'
INCLUDE_RAS_FALSE=''
INCLUDE_RAS_TRUE='#'
INCLUDE_TGA_FALSE=''
INCLUDE_TGA_TRUE='#'
INCLUDE_TIFF_FALSE=''
INCLUDE_TIFF_TRUE='#'
INCLUDE_WBMP_FALSE=''
INCLUDE_WBMP_TRUE='#'
INCLUDE_XBM_FALSE=''
INCLUDE_XBM_TRUE='#'
INCLUDE_XPM_FALSE=''
INCLUDE_XPM_TRUE='#'
INSTALL_DATA='${INSTALL} -m 644'
INSTALL_PROGRAM='${INSTALL}'
INSTALL_SCRIPT='${INSTALL}'
INSTALL_STRIP_PROGRAM='$(install_sh) -c -s'
INTLLIBS=''
INTL_MACOSX_LIBS=''
INTROSPECTION_CFLAGS='-I/usr/include/gobject-introspection-1.0 -I/usr/include/glib-2.0 -I/usr/lib/x86_64-linux-gnu/glib-2.0/include'
INTROSPECTION_COMPILER='/usr/bin/g-ir-compiler'
INTROSPECTION_GENERATE='/usr/bin/g-ir-generate'
INTROSPECTION_GIRDIR='/usr/share/gir-1.0'
INTROSPECTION_LIBS='-lgirepository-1.0 -lgobject-2.0 -lglib-2.0'
INTROSPECTION_MAKEFILE='/usr/share/gobject-introspection-1.0/Makefile.introspection'
INTROSPECTION_SCANNER='/usr/bin/g-ir-scanner'
INTROSPECTION_TYPELIBDIR='/usr/lib/x86_64-linux-gnu/girepository-1.0'
LCOV=''
LD='/usr/bin/ld -m elf_x86_64'
LDFLAGS='-fsanitize=address,undefined'
LIBICONV='-liconv'
LIBINTL=''
LIBJASPER=''
LIBJPEG='-ljpeg'
LIBOBJS=''
LIBPNG='-lpng16 -lz'
LIBS=''
LIBTIFF=''
LIBTOOL='$(SHELL) $(top_builddir)/libtool'
LIBTOOL_EXPORT_OPTIONS='-export-symbols-regex "^[^_].*"'
LIB_EXE_MACHINE_FLAG='X86'
LIPO=''
LN_S='ln -s'
LTLIBICONV='-liconv'
LTLIBINTL=''
LTLIBOBJS=''
LT_CURRENT_MINUS_AGE='0'
LT_VERSION_INFO='3100:1:3100'
MAINT=''
MAINTAINER_MODE_FALSE='#'
MAINTAINER_MODE_TRUE=''
MAKEINFO='${SHELL} /data/ylwang/non-textfuzz/target/gdk-pixbuf/missing makeinfo'
MANIFEST_TOOL=':'
MATH_LIB='-lm'
MKDIR_P='/usr/bin/mkdir -p'
MSGFMT='/usr/bin/msgfmt'
MSGFMT_015='/usr/bin/msgfmt'
MSGMERGE='/usr/bin/msgmerge'
MS_LIB_AVAILABLE_FALSE=''
MS_LIB_AVAILABLE_TRUE='#'
NM='/usr/bin/nm -B'
NMEDIT=''
OBJDUMP='objdump'
OBJEXT='o'
OS_LINUX_FALSE='#'
OS_LINUX_TRUE=''
OS_UNIX_FALSE='#'
OS_UNIX_TRUE=''
OS_WIN32_FALSE=''
OS_WIN32_TRUE='#'
OTOOL64=''
OTOOL=''
PACKAGE='gdk-pixbuf'
PACKAGE_BUGREPORT='http://bugzilla.gnome.org/enter_bug.cgi?product=gdk-pixbuf'
PACKAGE_NAME='gdk-pixbuf'
PACKAGE_STRING='gdk-pixbuf 2.31.1'
PACKAGE_TARNAME='gdk-pixbuf'
PACKAGE_URL=''
PACKAGE_VERSION='2.31.1'
PATH_SEPARATOR=':'
PERL='/usr/bin/perl'
PKG_CONFIG='/usr/bin/pkg-config'
PKG_CONFIG_LIBDIR=''
PKG_CONFIG_PATH=''
PLATFORM_WIN32_FALSE=''
PLATFORM_WIN32_TRUE='#'
PNG_DEP_CFLAGS_PACKAGES='libpng16'
POSUB='po'
RANLIB='ranlib'
REBUILD=''
SED='/usr/bin/sed'
SET_MAKE=''
SHELL='/bin/bash'
STRIP='strip'
USE_MEDIALIB25_FALSE=''
USE_MEDIALIB25_TRUE='#'
USE_MEDIALIB_FALSE=''
USE_MEDIALIB_TRUE='#'
USE_MMX_FALSE=''
USE_MMX_TRUE='#'
USE_NLS='yes'
USE_X11_FALSE=''
USE_X11_TRUE='#'
VERSION='2.31.1'
WINDRES=''
WITH_COVERAGE_FALSE=''
WITH_COVERAGE_TRUE='#'
XGETTEXT='/usr/bin/xgettext'
XGETTEXT_015='/usr/bin/xgettext'
XGETTEXT_EXTRA_OPTIONS=''
XSLTPROC=''
ac_ct_AR='ar'
ac_ct_CC='gcc'
ac_ct_DUMPBIN=''
ac_ct_NM=''
am__EXEEXT_FALSE=''
am__EXEEXT_TRUE='#'
am__fastdepCCAS_FALSE='#'
am__fastdepCCAS_TRUE=''
am__fastdepCC_FALSE='#'
am__fastdepCC_TRUE=''
am__include='include'
am__isrc=''
am__leading_dot='.'
am__nodep='_no'
am__quote=''
am__tar='tar --format=ustar -chf - "$$tardir"'
am__untar='tar -xf -'
bindir='${exec_prefix}/bin'
build='x86_64-unknown-linux-gnu'
build_alias=''
build_cpu='x86_64'
build_os='linux-gnu'
build_vendor='unknown'
datadir='${datarootdir}'
datarootdir='${prefix}/share'
docdir='${datarootdir}/doc/${PACKAGE_TARNAME}'
dvidir='${docdir}'
exec_prefix='${prefix}'
host='x86_64-unknown-linux-gnu'
host_alias=''
host_cpu='x86_64'
host_os='linux-gnu'
host_vendor='unknown'
htmldir='${docdir}'
includedir='${prefix}/include'
infodir='${datarootdir}/info'
install_sh='${SHELL} /data/ylwang/non-textfuzz/target/gdk-pixbuf/install-sh'
installed_test_metadir=''
installed_testdir=''
libdir='${exec_prefix}/lib'
libexecdir='${exec_prefix}/libexec'
localedir='${datarootdir}/locale'
localstatedir='${prefix}/var'
mandir='${datarootdir}/man'
mkdir_p='/usr/bin/mkdir -p'
ms_librarian=''
oldincludedir='/usr/include'
pdfdir='${docdir}'
prefix='/data/ylwang/non-textfuzz/target/gdk-pixbuf/build_test'
program_transform_name='s,x,x,'
psdir='${docdir}'
sbindir='${exec_prefix}/sbin'
sharedstatedir='${prefix}/com'
sysconfdir='${prefix}/etc'
target_alias=''

## ----------- ##
## confdefs.h. ##
## ----------- ##

/* confdefs.h */
#define PACKAGE_NAME "gdk-pixbuf"
#define PACKAGE_TARNAME "gdk-pixbuf"
#define PACKAGE_VERSION "2.31.1"
#define PACKAGE_STRING "gdk-pixbuf 2.31.1"
#define PACKAGE_BUGREPORT "http://bugzilla.gnome.org/enter_bug.cgi?product=gdk-pixbuf"
#define PACKAGE_URL ""
#define STDC_HEADERS 1
#define HAVE_SYS_TYPES_H 1
#define HAVE_SYS_STAT_H 1
#define HAVE_STDLIB_H 1
#define HAVE_STRING_H 1
#define HAVE_MEMORY_H 1
#define HAVE_STRINGS_H 1
#define HAVE_INTTYPES_H 1
#define HAVE_STDINT_H 1
#define HAVE_UNISTD_H 1
#define HAVE_DLFCN_H 1
#define LT_OBJDIR ".libs/"
#define HAVE_SIGSETJMP 1
#define ENABLE_NLS 1
#define HAVE_GETTEXT 1
#define HAVE_DCGETTEXT 1
#define GETTEXT_PACKAGE "gdk-pixbuf"
#define HAVE_BIND_TEXTDOMAIN_CODESET 1
#define HAVE_UNISTD_H 1
#define HAVE_SYS_RESOURCE_H 1
#define HAVE_SETRLIMIT 1
#define STDC_HEADERS 1
#define HAVE_PROGRESSIVE_JPEG 1
#define HAVE_SYS_SYSINFO_H 1

configure: exit 0
